// Jest Snapshot v1, https://goo.gl/fbAQLP

exports[`Pruebas en GifGridItem Debe mostrar el <GifGridItem/> 1`] = `
<div
  className="card animate__animated animate__fadeIn animate__slow"
>
  <img
    alt="Titulo"
    src="https://localhost/img.jpg"
  />
  <p>
    Titulo
  </p>
</div>
`;
